// Jest Snapshot v1, https://goo.gl/fbAQLP

exports[`Home Page should render correctly 1`] = `
<div
  className="container home h-100 d-flex justify-content-center"
>
  <div
    className="card h-75 w-100 mt-5"
  >
    <div
      className="card-body p-0 h-100"
    >
      <div
        className="row m-0 h-100"
      >
        <div
          className="col home__cc-form h-100 "
        >
          <CardForm />
        </div>
        <div
          className="col home__cc-list h-100 pb-5"
        >
          <CardsList />
        </div>
      </div>
    </div>
  </div>
</div>
`;
